[36m[20-02-2018 09:52:28]:[0m bot started
[36m[20-02-2018 09:52:28]:[0m The web server running on port 3000!
